
> cana-y-resena@0.1.0 build
> next build

 ⚠ Invalid next.config.js options detected: 
 ⚠     Unrecognized key(s) in object: 'allowedDevOrigins' at "experimental"
 ⚠ See more info here: https://nextjs.org/docs/messages/invalid-next-config
  ▲ Next.js 14.2.33

   Creating an optimized production build ...
Failed to compile.

./app/globals.css.webpack[javascript/auto]!=!./node_modules/next/dist/build/webpack/loaders/css-loader/src/index.js??ruleSet[1].rules[14].oneOf[12].use[2]!./node_modules/next/dist/build/webpack/loaders/postcss-loader/src/index.js??ruleSet[1].rules[14].oneOf[12].use[3]!./app/globals.css
Error: Your custom PostCSS configuration must export a `plugins` key.
    at getPostCssPlugins (/home/user/Proyecto-Correcto-Firebase/node_modules/next/dist/build/webpack/config/blocks/css/plugins.js:106:15)
    at async /home/user/Proyecto-Correcto-Firebase/node_modules/next/dist/build/webpack/config/blocks/css/index.js:124:36
    at async /home/user/Proyecto-Correcto-Firebase/node_modules/next/dist/build/webpack/loaders/postcss-loader/src/index.js:51:40
    at async Span.traceAsyncFn (/home/user/Proyecto-Correcto-Firebase/node_modules/next/dist/trace/trace.js:154:20)

Import trace for requested module:
./app/globals.css.webpack[javascript/auto]!=!./node_modules/next/dist/build/webpack/loaders/css-loader/src/index.js??ruleSet[1].rules[14].oneOf[12].use[2]!./node_modules/next/dist/build/webpack/loaders/postcss-loader/src/index.js??ruleSet[1].rules[14].oneOf[12].use[3]!./app/globals.css
./app/globals.css

./app/globals.css
Error: Your custom PostCSS configuration must export a `plugins` key.
    at getPostCssPlugins (/home/user/Proyecto-Correcto-Firebase/node_modules/next/dist/build/webpack/config/blocks/css/plugins.js:106:15)
    at async /home/user/Proyecto-Correcto-Firebase/node_modules/next/dist/build/webpack/config/blocks/css/index.js:124:36
    at async /home/user/Proyecto-Correcto-Firebase/node_modules/next/dist/build/webpack/loaders/postcss-loader/src/index.js:51:40
    at async Span.traceAsyncFn (/home/user/Proyecto-Correcto-Firebase/node_modules/next/dist/trace/trace.js:154:20)
    at tryRunOrWebpackError (/home/user/Proyecto-Correcto-Firebase/node_modules/next/dist/compiled/webpack/bundle5.js:28:312989)
    at __webpack_require_module__ (/home/user/Proyecto-Correcto-Firebase/node_modules/next/dist/compiled/webpack/bundle5.js:28:131165)
    at __nested_webpack_require_153728__ (/home/user/Proyecto-Correcto-Firebase/node_modules/next/dist/compiled/webpack/bundle5.js:28:130607)
    at /home/user/Proyecto-Correcto-Firebase/node_modules/next/dist/compiled/webpack/bundle5.js:28:131454
    at symbolIterator (/home/user/Proyecto-Correcto-Firebase/node_modules/next/dist/compiled/neo-async/async.js:1:14444)
    at done (/home/user/Proyecto-Correcto-Firebase/node_modules/next/dist/compiled/neo-async/async.js:1:14824)
    at Hook.eval [as callAsync] (eval at create (/home/user/Proyecto-Correcto-Firebase/node_modules/next/dist/compiled/webpack/bundle5.js:13:28858), <anonymous>:15:1)
    at Hook.CALL_ASYNC_DELEGATE [as _callAsync] (/home/user/Proyecto-Correcto-Firebase/node_modules/next/dist/compiled/webpack/bundle5.js:13:26012)
    at /home/user/Proyecto-Correcto-Firebase/node_modules/next/dist/compiled/webpack/bundle5.js:28:130328
    at symbolIterator (/home/user/Proyecto-Correcto-Firebase/node_modules/next/dist/compiled/neo-async/async.js:1:14402)
-- inner error --
Error: Your custom PostCSS configuration must export a `plugins` key.
    at getPostCssPlugins (/home/user/Proyecto-Correcto-Firebase/node_modules/next/dist/build/webpack/config/blocks/css/plugins.js:106:15)
    at async /home/user/Proyecto-Correcto-Firebase/node_modules/next/dist/build/webpack/config/blocks/css/index.js:124:36
    at async /home/user/Proyecto-Correcto-Firebase/node_modules/next/dist/build/webpack/loaders/postcss-loader/src/index.js:51:40
    at async Span.traceAsyncFn (/home/user/Proyecto-Correcto-Firebase/node_modules/next/dist/trace/trace.js:154:20)
    at Object.<anonymous> (/home/user/Proyecto-Correcto-Firebase/node_modules/next/dist/build/webpack/loaders/css-loader/src/index.js??ruleSet[1].rules[14].oneOf[12].use[2]!/home/user/Proyecto-Correcto-Firebase/node_modules/next/dist/build/webpack/loaders/postcss-loader/src/index.js??ruleSet[1].rules[14].oneOf[12].use[3]!/home/user/Proyecto-Correcto-Firebase/app/globals.css:1:7)
    at /home/user/Proyecto-Correcto-Firebase/node_modules/next/dist/compiled/webpack/bundle5.js:28:922493
    at Hook.eval [as call] (eval at create (/home/user/Proyecto-Correcto-Firebase/node_modules/next/dist/compiled/webpack/bundle5.js:13:28636), <anonymous>:7:1)
    at Hook.CALL_DELEGATE [as _call] (/home/user/Proyecto-Correcto-Firebase/node_modules/next/dist/compiled/webpack/bundle5.js:13:25906)
    at /home/user/Proyecto-Correcto-Firebase/node_modules/next/dist/compiled/webpack/bundle5.js:28:131198
    at tryRunOrWebpackError (/home/user/Proyecto-Correcto-Firebase/node_modules/next/dist/compiled/webpack/bundle5.js:28:312943)
    at __webpack_require_module__ (/home/user/Proyecto-Correcto-Firebase/node_modules/next/dist/compiled/webpack/bundle5.js:28:131165)
    at __nested_webpack_require_153728__ (/home/user/Proyecto-Correcto-Firebase/node_modules/next/dist/compiled/webpack/bundle5.js:28:130607)
    at /home/user/Proyecto-Correcto-Firebase/node_modules/next/dist/compiled/webpack/bundle5.js:28:131454
    at symbolIterator (/home/user/Proyecto-Correcto-Firebase/node_modules/next/dist/compiled/neo-async/async.js:1:14444)

Generated code for /home/user/Proyecto-Correcto-Firebase/node_modules/next/dist/build/webpack/loaders/css-loader/src/index.js??ruleSet[1].rules[14].oneOf[12].use[2]!/home/user/Proyecto-Correcto-Firebase/node_modules/next/dist/build/webpack/loaders/postcss-loader/src/index.js??ruleSet[1].rules[14].oneOf[12].use[3]!/home/user/Proyecto-Correcto-Firebase/app/globals.css

Import trace for requested module:
./app/globals.css


> Build failed because of webpack errors
